Manish@LAPTOP-JNE4VIQD MINGW64 /e/Git (master)
$ ls
file1.txt  file2.txt  file3.txt  file4.txt  mylogs.log  Notes/

Manish@LAPTOP-JNE4VIQD MINGW64 /e/Git (master)
$ ls -lart
total 20
drwxr-xr-x 1 Manish 197610  0 Feb 26 11:39 ../
-rw-r--r-- 1 Manish 197610  0 Feb 26 12:02 file3.txt
-rw-r--r-- 1 Manish 197610  0 Feb 26 12:20 file4.txt
-rw-r--r-- 1 Manish 197610 23 Feb 26 13:18 file2.txt
-rw-r--r-- 1 Manish 197610 58 Feb 26 13:20 mylogs.log
-rw-r--r-- 1 Manish 197610 10 Feb 26 13:37 .gitignore
-rw-r--r-- 1 Manish 197610 96 Feb 26 14:31 file1.txt
drwxr-xr-x 1 Manish 197610  0 Feb 26 15:14 ./
drwxr-xr-x 1 Manish 197610  0 Feb 26 15:14 Notes/
drwxr-xr-x 1 Manish 197610  0 Feb 26 15:15 .git/

Manish@LAPTOP-JNE4VIQD MINGW64 /e/Git (master)
$ git remote add origin https://github.com/Manish-cloud/MyGitNotes.git

Manish@LAPTOP-JNE4VIQD MINGW64 /e/Git (master)
$ origin
bash: origin: command not found

Manish@LAPTOP-JNE4VIQD MINGW64 /e/Git (master)
$ git remote -v
origin  https://github.com/Manish-cloud/MyGitNotes.git (fetch)
origin  https://github.com/Manish-cloud/MyGitNotes.git (push)

Manish@LAPTOP-JNE4VIQD MINGW64 /e/Git (master)
$ git remote
origin

Manish@LAPTOP-JNE4VIQD MINGW64 /e/Git (master)
$ git push origin master
Enumerating objects: 30, done.
Counting objects: 100% (30/30), done.
Delta compression using up to 8 threads
Compressing objects: 100% (23/23), done.
Writing objects: 100% (30/30), 5.78 KiB | 1.16 MiB/s, done.
Total 30 (delta 7), reused 0 (delta 0)
remote: Resolving deltas: 100% (7/7), done.
To https://github.com/Manish-cloud/MyGitNotes.git
 * [new branch]      master -> master

Manish@LAPTOP-JNE4VIQD MINGW64 /e/Git (master)
$ git branch
  feature1
  flaskIntegration
* master

Manish@LAPTOP-JNE4VIQD MINGW64 /e/Git (master)
$ ls
file1.txt  file2.txt  file3.txt  file4.txt  mylogs.log  Notes/

Manish@LAPTOP-JNE4VIQD MINGW64 /e/Git (master)
$ git checkout flaskIntegration
Switched to branch 'flaskIntegration'

Manish@LAPTOP-JNE4VIQD MINGW64 /e/Git (flaskIntegration)
$ ls
file1.txt  file2.txt  file3.txt  file4.txt  mylogs.log  newDummyFile.py

Manish@LAPTOP-JNE4VIQD MINGW64 /e/Git (flaskIntegration)
$ git push origin master
Everything up-to-date

Manish@LAPTOP-JNE4VIQD MINGW64 /e/Git (flaskIntegration)
$ git push -u origin master
Everything up-to-date
Branch 'master' set up to track remote branch 'master' from 'origin'.

Manish@LAPTOP-JNE4VIQD MINGW64 /e/Git (flaskIntegration)
$ git push -u origin flaskIntegration
Enumerating objects: 4, done.
Counting objects: 100% (4/4), done.
Delta compression using up to 8 threads
Compressing objects: 100% (3/3), done.
Writing objects: 100% (3/3), 480 bytes | 480.00 KiB/s, done.
Total 3 (delta 1), reused 0 (delta 0)
remote: Resolving deltas: 100% (1/1), completed with 1 local object.
remote:
remote: Create a pull request for 'flaskIntegration' on GitHub by visiting:
remote:      https://github.com/Manish-cloud/MyGitNotes/pull/new/flaskIntegration
remote:
To https://github.com/Manish-cloud/MyGitNotes.git
 * [new branch]      flaskIntegration -> flaskIntegration
Branch 'flaskIntegration' set up to track remote branch 'flaskIntegration' from 'origin'.

Manish@LAPTOP-JNE4VIQD MINGW64 /e/Git (flaskIntegration)
$
