Manish@LAPTOP-JNE4VIQD MINGW64 /e/Git
$ git config --global user.name Manish-cloud

Manish@LAPTOP-JNE4VIQD MINGW64 /e/Git
$ git config --global user.email manishcloud9292@gmail.com

Manish@LAPTOP-JNE4VIQD MINGW64 /e/Git
$ git config --global user.name
Manish-cloud

Manish@LAPTOP-JNE4VIQD MINGW64 /e/Git
$ git config --global user.email
manishcloud9292@gmail.com

Manish@LAPTOP-JNE4VIQD MINGW64 /e/Git
$ git init
Initialized empty Git repository in E:/Git/.git/

Manish@LAPTOP-JNE4VIQD MINGW64 /e/Git (master)
$ ls -lart
total 12
drwxr-xr-x 1 Manish 197610 0 Feb 26 11:08 ../
drwxr-xr-x 1 Manish 197610 0 Feb 26 11:16 ./
drwxr-xr-x 1 Manish 197610 0 Feb 26 11:16 .git/

Manish@LAPTOP-JNE4VIQD MINGW64 /e/Git (master)
$ git status
On branch master

No commits yet

Untracked files:
  (use "git add <file>..." to include in what will be committed)
        file1.txt

nothing added to commit but untracked files present (use "git add" to track)

Manish@LAPTOP-JNE4VIQD MINGW64 /e/Git (master)
$ git add file1.txt

Manish@LAPTOP-JNE4VIQD MINGW64 /e/Git (master)
$ git status
On branch master

No commits yet

Changes to be committed:
  (use "git rm --cached <file>..." to unstage)
        new file:   file1.txt


Manish@LAPTOP-JNE4VIQD MINGW64 /e/Git (master)
$ git commit
[master (root-commit) 19d2afc] Initial commit
 1 file changed, 1 insertion(+)
 create mode 100644 file1.txt

Manish@LAPTOP-JNE4VIQD MINGW64 /e/Git (master)
$ git status
On branch master
nothing to commit, working tree clean

// -----------------------------------------------------------------Added file2,3,4--------------------------------------------------
Manish@LAPTOP-JNE4VIQD MINGW64 /e/Git (master)
$ git status
On branch master
Untracked files:
  (use "git add <file>..." to include in what will be committed)
        file2.txt
        file3.txt
        file4.txt

nothing added to commit but untracked files present (use "git add" to track)

Manish@LAPTOP-JNE4VIQD MINGW64 /e/Git (master)
$ git add .

Manish@LAPTOP-JNE4VIQD MINGW64 /e/Git (master)
$ git status
On branch master
Changes to be committed:
  (use "git restore --staged <file>..." to unstage)
        new file:   file2.txt
        new file:   file3.txt
        new file:   file4.txt


Manish@LAPTOP-JNE4VIQD MINGW64 /e/Git (master)
$ git add -A

Manish@LAPTOP-JNE4VIQD MINGW64 /e/Git (master)
$ git status
On branch master
Changes to be committed:
  (use "git restore --staged <file>..." to unstage)
        new file:   file2.txt
        new file:   file3.txt
        new file:   file4.txt


Manish@LAPTOP-JNE4VIQD MINGW64 /e/Git (master)
$ git status
On branch master
Changes to be committed:
  (use "git restore --staged <file>..." to unstage)
        new file:   file2.txt
        new file:   file3.txt
        new file:   file4.txt

Changes not staged for commit:
  (use "git add <file>..." to update what will be committed)
  (use "git restore <file>..." to discard changes in working directory)
        modified:   file2.txt


Manish@LAPTOP-JNE4VIQD MINGW64 /e/Git (master)
$ git add file2.txt

Manish@LAPTOP-JNE4VIQD MINGW64 /e/Git (master)
$ git status
On branch master
Changes to be committed:
  (use "git restore --staged <file>..." to unstage)
        new file:   file2.txt
        new file:   file3.txt
        new file:   file4.txt


Manish@LAPTOP-JNE4VIQD MINGW64 /e/Git (master)
$ git commit -m "Added more txt files"
[master eb5aed2] Added more txt files
 3 files changed, 1 insertion(+)
 create mode 100644 file2.txt
 create mode 100644 file3.txt
 create mode 100644 file4.txt

Manish@LAPTOP-JNE4VIQD MINGW64 /e/Git (master)
$ git status
On branch master
nothing to commit, working tree clean

Manish@LAPTOP-JNE4VIQD MINGW64 /e/Git (master)
$


-------------------------------------Git checkout----------------------------------


Manish@LAPTOP-JNE4VIQD MINGW64 /e/Git (master)
$ git status
On branch master
nothing to commit, working tree clean

Manish@LAPTOP-JNE4VIQD MINGW64 /e/Git (master)
$ git status
On branch master
nothing to commit, working tree clean

Manish@LAPTOP-JNE4VIQD MINGW64 /e/Git (master)
$ git status
On branch master
Changes not staged for commit:
  (use "git add <file>..." to update what will be committed)
  (use "git restore <file>..." to discard changes in working directory)
        modified:   file1.txt

no changes added to commit (use "git add" and/or "git commit -a")

Manish@LAPTOP-JNE4VIQD MINGW64 /e/Git (master)
$ git checkout file1.txt
Updated 1 path from the index

Manish@LAPTOP-JNE4VIQD MINGW64 /e/Git (master)
$ git status
On branch master
nothing to commit, working tree clean

Manish@LAPTOP-JNE4VIQD MINGW64 /e/Git (master)
$ git status
On branch master
Changes not staged for commit:
  (use "git add <file>..." to update what will be committed)
  (use "git restore <file>..." to discard changes in working directory)
        modified:   file1.txt
        modified:   file2.txt
        modified:   file3.txt
        modified:   file4.txt

no changes added to commit (use "git add" and/or "git commit -a")

Manish@LAPTOP-JNE4VIQD MINGW64 /e/Git (master)
$ git checkout -f

Manish@LAPTOP-JNE4VIQD MINGW64 /e/Git (master)
$ git status
On branch master
nothing to commit, working tree clean

Manish@LAPTOP-JNE4VIQD MINGW64 /e/Git (master)
$ git log
commit eb5aed293109bfdddf444aabade52b0dd7abb2d6 (HEAD -> master)
Author: Manish-cloud <manishcloud9292@gmail.com>
Date:   Wed Feb 26 11:37:51 2020 +0530

    Added more txt files

commit 19d2afc8f958bdac7dda966cf3b1de71856f2ef0
Author: Manish-cloud <manishcloud9292@gmail.com>
Date:   Wed Feb 26 11:27:13 2020 +0530

    Initial commit

Manish@LAPTOP-JNE4VIQD MINGW64 /e/Git (master)
$ git log -p -1
commit eb5aed293109bfdddf444aabade52b0dd7abb2d6 (HEAD -> master)
Author: Manish-cloud <manishcloud9292@gmail.com>
Date:   Wed Feb 26 11:37:51 2020 +0530

    Added more txt files

diff --git a/file2.txt b/file2.txt
new file mode 100644
index 0000000..9d575bd
--- /dev/null
+++ b/file2.txt
@@ -0,0 +1 @@
+Content added to file 2
\ No newline at end of file
diff --git a/file3.txt b/file3.txt
new file mode 100644
index 0000000..e69de29
diff --git a/file4.txt b/file4.txt
new file mode 100644
index 0000000..e69de29



-------------------------------------Git diff----------------------------------

Manish@LAPTOP-JNE4VIQD MINGW64 /e/Git (master)
$ git status
On branch master
nothing to commit, working tree clean

Manish@LAPTOP-JNE4VIQD MINGW64 /e/Git (master)
$ git status
On branch master
Changes not staged for commit:
  (use "git add <file>..." to update what will be committed)
  (use "git restore <file>..." to discard changes in working directory)
        modified:   file1.txt

no changes added to commit (use "git add" and/or "git commit -a")

Manish@LAPTOP-JNE4VIQD MINGW64 /e/Git (master)
$ git diff
diff --git a/file1.txt b/file1.txt
index 50fcd26..0ca7ed3 100644
--- a/file1.txt
+++ b/file1.txt
@@ -1 +1,5 @@
 File 1
+Adding
+more
+content
+to file 1
\ No newline at end of file

Manish@LAPTOP-JNE4VIQD MINGW64 /e/Git (master)
$ git add .

Manish@LAPTOP-JNE4VIQD MINGW64 /e/Git (master)
$ git status
On branch master
Changes to be committed:
  (use "git restore --staged <file>..." to unstage)
        modified:   file1.txt


Manish@LAPTOP-JNE4VIQD MINGW64 /e/Git (master)
$ git diff


Manish@LAPTOP-JNE4VIQD MINGW64 /e/Git (master)
$

Manish@LAPTOP-JNE4VIQD MINGW64 /e/Git (master)
$ git diff --staged
diff --git a/file1.txt b/file1.txt
index 50fcd26..0ca7ed3 100644
--- a/file1.txt
+++ b/file1.txt
@@ -1 +1,5 @@
 File 1
+Adding
+more
+content
+to file 1
\ No newline at end of file

Manish@LAPTOP-JNE4VIQD MINGW64 /e/Git (master)
$ git status
On branch master
Changes to be committed:
  (use "git restore --staged <file>..." to unstage)
        modified:   file1.txt


Manish@LAPTOP-JNE4VIQD MINGW64 /e/Git (master)
$ git checkout -f

Manish@LAPTOP-JNE4VIQD MINGW64 /e/Git (master)
$ git status
On branch master
nothing to commit, working tree clean

Manish@LAPTOP

-------------------------------------------Skipping stagging area-----------------------------------
Manish@LAPTOP-JNE4VIQD MINGW64 /e/Git (master)
$ git status
On branch master
nothing to commit, working tree clean

Manish@LAPTOP-JNE4VIQD MINGW64 /e/Git (master)
$ git status
On branch master
Changes not staged for commit:
  (use "git add <file>..." to update what will be committed)
  (use "git restore <file>..." to discard changes in working directory)
        modified:   file1.txt

no changes added to commit (use "git add" and/or "git commit -a")

Manish@LAPTOP-JNE4VIQD MINGW64 /e/Git (master)
$ git commit -a -m "skipped staging area and fixed"
[master 0ab84e0] skipped staging area and fixed
 1 file changed, 3 insertions(+)

Manish@LAPTOP-JNE4VIQD MINGW64 /e/Git (master)
$ git log
commit 0ab84e03e2556cb34e4b06d7394a8c11c9265872 (HEAD -> master)
Author: Manish-cloud <manishcloud9292@gmail.com>
Date:   Wed Feb 26 12:46:14 2020 +0530

    skipped staging area and fixed

commit eb5aed293109bfdddf444aabade52b0dd7abb2d6
Author: Manish-cloud <manishcloud9292@gmail.com>
Date:   Wed Feb 26 11:37:51 2020 +0530

    Added more txt files

commit 19d2afc8f958bdac7dda966cf3b1de71856f2ef0
Author: Manish-cloud <manishcloud9292@gmail.com>
Date:   Wed Feb 26 11:27:13 2020 +0530

    Initial commit

Manish@LAPTOP-JNE4VIQD MINGW64 /e/Git (master)
$ git status
On branch master
nothing to commit, working tree clean

-----------------------------Removing file----------------------------------
Manish@LAPTOP-JNE4VIQD MINGW64 /e/Git (master)
$ touch file5.txt

Manish@LAPTOP-JNE4VIQD MINGW64 /e/Git (master)
$ git commit -a -m "Adding waste file"
On branch master
Untracked files:
        file5.txt

nothing added to commit but untracked files present

Manish@LAPTOP-JNE4VIQD MINGW64 /e/Git (master)
$ git status
On branch master
Untracked files:
  (use "git add <file>..." to include in what will be committed)
        file5.txt

nothing added to commit but untracked files present (use "git add" to track)

Manish@LAPTOP-JNE4VIQD MINGW64 /e/Git (master)
$ git add file5.txt

Manish@LAPTOP-JNE4VIQD MINGW64 /e/Git (master)
$ git status
On branch master
Changes to be committed:
  (use "git restore --staged <file>..." to unstage)
        new file:   file5.txt


Manish@LAPTOP-JNE4VIQD MINGW64 /e/Git (master)
$ git commit -a -m "Adding waste file"
[master 9f2ba54] Adding waste file
 1 file changed, 0 insertions(+), 0 deletions(-)
 create mode 100644 file5.txt

Manish@LAPTOP-JNE4VIQD MINGW64 /e/Git (master)
$ git status
On branch master
nothing to commit, working tree clean

Manish@LAPTOP-JNE4VIQD MINGW64 /e/Git (master)
$



Manish@LAPTOP-JNE4VIQD MINGW64 /e/Git (master)
$ ls
file1.txt  file2.txt  file3.txt  file4.txt  file5.txt

Manish@LAPTOP-JNE4VIQD MINGW64 /e/Git (master)
$ git status
On branch master
nothing to commit, working tree clean

Manish@LAPTOP-JNE4VIQD MINGW64 /e/Git (master)
$ git rm --cached file5.txt
rm 'file5.txt'

Manish@LAPTOP-JNE4VIQD MINGW64 /e/Git (master)
$ ls
file1.txt  file2.txt  file3.txt  file4.txt  file5.txt

Manish@LAPTOP-JNE4VIQD MINGW64 /e/Git (master)
$ git status
On branch master
Changes to be committed:
  (use "git restore --staged <file>..." to unstage)
        deleted:    file5.txt

Untracked files:
  (use "git add <file>..." to include in what will be committed)
        file5.txt


Manish@LAPTOP-JNE4VIQD MINGW64 /e/Git (master)
$ git add file5.txt

Manish@LAPTOP-JNE4VIQD MINGW64 /e/Git (master)
$ git status
On branch master
nothing to commit, working tree clean

Manish@LAPTOP-JNE4VIQD MINGW64 /e/Git (master)
$ git log
commit 9f2ba5435a40888ec0fb705c8707c481dc1b68b6 (HEAD -> master)
Author: Manish-cloud <manishcloud9292@gmail.com>
Date:   Wed Feb 26 12:50:28 2020 +0530

    Adding waste file

commit 0ab84e03e2556cb34e4b06d7394a8c11c9265872
Author: Manish-cloud <manishcloud9292@gmail.com>
Date:   Wed Feb 26 12:46:14 2020 +0530

    skipped staging area and fixed

commit eb5aed293109bfdddf444aabade52b0dd7abb2d6
Author: Manish-cloud <manishcloud9292@gmail.com>
Date:   Wed Feb 26 11:37:51 2020 +0530

    Added more txt files

commit 19d2afc8f958bdac7dda966cf3b1de71856f2ef0
Author: Manish-cloud <manishcloud9292@gmail.com>
Date:   Wed Feb 26 11:27:13 2020 +0530

    Initial commit

Manish@LAPTOP-JNE4VIQD MINGW64 /e/Git (master)
$ git status
On branch master
nothing to commit, working tree clean

Manish@LAPTOP-JNE4VIQD MINGW64 /e/Git (master)
$ git commit -a -m "Adding waste file"
On branch master
nothing to commit, working tree clean

Manish@LAPTOP-JNE4VIQD MINGW64 /e/Git (master)
$ git log
commit 9f2ba5435a40888ec0fb705c8707c481dc1b68b6 (HEAD -> master)
Author: Manish-cloud <manishcloud9292@gmail.com>
Date:   Wed Feb 26 12:50:28 2020 +0530

    Adding waste file

commit 0ab84e03e2556cb34e4b06d7394a8c11c9265872
Author: Manish-cloud <manishcloud9292@gmail.com>
Date:   Wed Feb 26 12:46:14 2020 +0530

    skipped staging area and fixed

commit eb5aed293109bfdddf444aabade52b0dd7abb2d6
Author: Manish-cloud <manishcloud9292@gmail.com>
Date:   Wed Feb 26 11:37:51 2020 +0530

    Added more txt files

commit 19d2afc8f958bdac7dda966cf3b1de71856f2ef0
Author: Manish-cloud <manishcloud9292@gmail.com>
Date:   Wed Feb 26 11:27:13 2020 +0530

    Initial commit

Manish@LAPTOP-JNE4VIQD MINGW64 /e/Git (master)
$ git status
On branch master
nothing to commit, working tree clean

Manish@LAPTOP-JNE4VIQD MINGW64 /e/Git (master)
$ git rm file5.txt
rm 'file5.txt'

Manish@LAPTOP-JNE4VIQD MINGW64 /e/Git (master)
$ git status
On branch master
Changes to be committed:
  (use "git restore --staged <file>..." to unstage)
        deleted:    file5.txt


Manish@LAPTOP-JNE4VIQD MINGW64 /e/Git (master)
$ ls
file1.txt  file2.txt  file3.txt  file4.txt

Manish@LAPTOP-JNE4VIQD MINGW64 /e/Git (master)
$

---------------------------------------git status-----------------------------------
Manish@LAPTOP-JNE4VIQD MINGW64 /e/Git (master)
$ git status
On branch master
nothing to commit, working tree clean

Manish@LAPTOP-JNE4VIQD MINGW64 /e/Git (master)
$ git status -s

Manish@LAPTOP-JNE4VIQD MINGW64 /e/Git (master)
$ git status -s
 M file1.txt
 M file2.txt

Manish@LAPTOP-JNE4VIQD MINGW64 /e/Git (master)
$ git add file1.txt

Manish@LAPTOP-JNE4VIQD MINGW64 /e/Git (master)
$ git status
On branch master
Changes to be committed:
  (use "git restore --staged <file>..." to unstage)
        modified:   file1.txt

Changes not staged for commit:
  (use "git add <file>..." to update what will be committed)
  (use "git restore <file>..." to discard changes in working directory)
        modified:   file2.txt


Manish@LAPTOP-JNE4VIQD MINGW64 /e/Git (master)
$ git status -s
M  file1.txt
 M file2.txt

(Part1 : stagging area , Part2 : working tree)

Manish@LAPTOP-JNE4VIQD MINGW64 /e/Git (master)
$ git status -s
MM file1.txt
 M file2.txt

Manish@LAPTOP-JNE4VIQD MINGW64 /e/Git (master)
$ git status
On branch master
Changes to be committed:
  (use "git restore --staged <file>..." to unstage)
        modified:   file1.txt

Changes not staged for commit:
  (use "git add <file>..." to update what will be committed)
  (use "git restore <file>..." to discard changes in working directory)
        modified:   file1.txt
        modified:   file2.txt


Manish@LAPTOP-JNE4VIQD MINGW64 /e/Git (master)
$ git add file1.txt

Manish@LAPTOP-JNE4VIQD MINGW64 /e/Git (master)
$ git status
On branch master
Changes to be committed:
  (use "git restore --staged <file>..." to unstage)
        modified:   file1.txt

Changes not staged for commit:
  (use "git add <file>..." to update what will be committed)
  (use "git restore <file>..." to discard changes in working directory)
        modified:   file2.txt


Manish@LAPTOP-JNE4VIQD MINGW64 /e/Git (master)
$ git status -s
M  file1.txt
 M file2.txt

------------------------------------------Git ignore--------------------------------------
Manish@LAPTOP-JNE4VIQD MINGW64 /e/Git (master)
$ touch .gitignore

Manish@LAPTOP-JNE4VIQD MINGW64 /e/Git (master)
$ git status
On branch master
Changes to be committed:
  (use "git restore --staged <file>..." to unstage)
        modified:   file1.txt

Changes not staged for commit:
  (use "git add <file>..." to update what will be committed)
  (use "git restore <file>..." to discard changes in working directory)
        modified:   file2.txt

Untracked files:
  (use "git add <file>..." to include in what will be committed)
        .gitignore


Manish@LAPTOP-JNE4VIQD MINGW64 /e/Git (master)
$ git checkout -f

Manish@LAPTOP-JNE4VIQD MINGW64 /e/Git (master)
$ git status
On branch master
Untracked files:
  (use "git add <file>..." to include in what will be committed)
        .gitignore

nothing added to commit but untracked files present (use "git add" to track)

Manish@LAPTOP-JNE4VIQD MINGW64 /e/Git (master)
$ touch mylogs.log

Manish@LAPTOP-JNE4VIQD MINGW64 /e/Git (master)
$ git status
On branch master
Untracked files:
  (use "git add <file>..." to include in what will be committed)
        .gitignore

nothing added to commit but untracked files present (use "git add" to track)

Manish@LAPTOP-JNE4VIQD MINGW64 /e/Git (master)
$ git add .

Manish@LAPTOP-JNE4VIQD MINGW64 /e/Git (master)
$ git add .

Manish@LAPTOP-JNE4VIQD MINGW64 /e/Git (master)
$ git status
On branch master
Changes to be committed:
  (use "git restore --staged <file>..." to unstage)
        new file:   .gitignore


Manish@LAPTOP-JNE4VIQD MINGW64 /e/Git (master)
$ git status
On branch master
Changes to be committed:
  (use "git restore --staged <file>..." to unstage)
        new file:   .gitignore

Changes not staged for commit:
  (use "git add <file>..." to update what will be committed)
  (use "git restore <file>..." to discard changes in working directory)
        modified:   .gitignore

Untracked files:
  (use "git add <file>..." to include in what will be committed)
        mylogs.log


Manish@LAPTOP-JNE4VIQD MINGW64 /e/Git (master)
$ git status
On branch master
Changes to be committed:
  (use "git restore --staged <file>..." to unstage)
        new file:   .gitignore

Changes not staged for commit:
  (use "git add <file>..." to update what will be committed)
  (use "git restore <file>..." to discard changes in working directory)
        modified:   .gitignore


Manish@LAPTOP-JNE4VIQD MINGW64 /e/Git (master)
$ git add .

Manish@LAPTOP-JNE4VIQD MINGW64 /e/Git (master)
$ git status
On branch master
Changes to be committed:
  (use "git restore --staged <file>..." to unstage)
        new file:   .gitignore


Manish@LAPTOP-JNE4VIQD MINGW64 /e/Git (master)
$ git commit -a -m "ingored some file"
[master 09f26ed] ingored some file
 1 file changed, 1 insertion(+)
 create mode 100644 .gitignore

Manish@LAPTOP-JNE4VIQD MINGW64 /e/Git (master)
$ ls
file1.txt  file2.txt  file3.txt  file4.txt  mylogs.log

Manish@LAPTOP-JNE4VIQD MINGW64 /e/Git (master)
$ git status
On branch master
nothing to commit, working tree clean

Manish@LAPTOP-JNE4VIQD MINGW64 /e/Git (master)
$ git log -p -1
commit 09f26edde8f3732f3a08ace337bb60355ae01e22 (HEAD -> master)
Author: Manish-cloud <manishcloud9292@gmail.com>
Date:   Wed Feb 26 13:24:35 2020 +0530

    ingored some file

diff --git a/.gitignore b/.gitignore
new file mode 100644
index 0000000..dfaf127
--- /dev/null
+++ b/.gitignore
@@ -0,0 +1 @@
+mylogs.log

Manish@LAPTOP-JNE4VIQD 

---------------------------------------------Branch------------------------------------------
Manish@LAPTOP-JNE4VIQD MINGW64 /e/Git (master)
$ git status
On branch master
nothing to commit, working tree clean

Manish@LAPTOP-JNE4VIQD MINGW64 /e/Git (master)
$ git branch feature1

Manish@LAPTOP-JNE4VIQD MINGW64 /e/Git (master)
$ branch
bash: branch: command not found

Manish@LAPTOP-JNE4VIQD MINGW64 /e/Git (master)
$ git branch
  feature1
* master

Manish@LAPTOP-JNE4VIQD MINGW64 /e/Git (master)
$ git checkout feature1
Switched to branch 'feature1'

Manish@LAPTOP-JNE4VIQD MINGW64 /e/Git (feature1)
$ git status
On branch feature1
nothing to commit, working tree clean

Manish@LAPTOP-JNE4VIQD MINGW64 /e/Git (feature1)
$ git status
On branch feature1
Changes not staged for commit:
  (use "git add <file>..." to update what will be committed)
  (use "git restore <file>..." to discard changes in working directory)
        modified:   file1.txt

no changes added to commit (use "git add" and/or "git commit -a")

Manish@LAPTOP-JNE4VIQD MINGW64 /e/Git (feature1)
$ git add .

Manish@LAPTOP-JNE4VIQD MINGW64 /e/Git (feature1)
$ git commit -m "Fixed bug and added new lines"
[feature1 088a95b] Fixed bug and added new lines
 1 file changed, 1 insertion(+)

Manish@LAPTOP-JNE4VIQD MINGW64 /e/Git (feature1)
$ git status
On branch feature1
nothing to commit, working tree clean

Manish@LAPTOP-JNE4VIQD MINGW64 /e/Git (feature1)
$ git checkout master
Switched to branch 'master'

Manish@LAPTOP-JNE4VIQD MINGW64 /e/Git (master)
$ git checkout feature
error: pathspec 'feature' did not match any file(s) known to git

Manish@LAPTOP-JNE4VIQD MINGW64 /e/Git (master)
$ git checkout feature1
Switched to branch 'feature1'

Manish@LAPTOP-JNE4VIQD MINGW64 /e/Git (feature1)
$ git status
On branch feature1
nothing to commit, working tree clean

Manish@LAPTOP-JNE4VIQD MINGW64 /e/Git (feature1)
$ git status
On branch feature1
Changes not staged for commit:
  (use "git add <file>..." to update what will be committed)
  (use "git restore <file>..." to discard changes in working directory)
        modified:   file1.txt

no changes added to commit (use "git add" and/or "git commit -a")

Manish@LAPTOP-JNE4VIQD MINGW64 /e/Git (feature1)
$ git add .

Manish@LAPTOP-JNE4VIQD MINGW64 /e/Git (feature1)
$ git commit -m "Added commit by manish"
[feature1 46c3cd3] Added commit by manish
 1 file changed, 2 insertions(+)

Manish@LAPTOP-JNE4VIQD MINGW64 /e/Git (feature1)
$ git status
On branch feature1
nothing to commit, working tree clean

Manish@LAPTOP-JNE4VIQD MINGW64 /e/Git (feature1)
$ git log
commit 46c3cd37500f8301b8b4f5af761c5bc6128e245b (HEAD -> feature1)
Author: Manish-cloud <manishcloud9292@gmail.com>
Date:   Wed Feb 26 14:29:00 2020 +0530

    Added commit by manish

commit 088a95bae982d147fba9ddbb7965c0a0be48a15c
Author: Manish-cloud <manishcloud9292@gmail.com>
Date:   Wed Feb 26 14:24:36 2020 +0530

    Fixed bug and added new lines

commit 26db1c356462891624d6547c190b15c3eb553524 (master)
Author: Manish-cloud <manishcloud9292@gmail.com>
Date:   Wed Feb 26 13:38:47 2020 +0530

    commit data

commit 09f26edde8f3732f3a08ace337bb60355ae01e22
Author: Manish-cloud <manishcloud9292@gmail.com>
Date:   Wed Feb 26 13:24:35 2020 +0530

    ingored some file

commit 742739ceececdb5ffb89d648c75eab97951f9eee
Author: Manish-cloud <manishcloud9292@gmail.com>
Date:   Wed Feb 26 13:03:26 2020 +0530

    Removing waste file

commit 9f2ba5435a40888ec0fb705c8707c481dc1b68b6
Author: Manish-cloud <manishcloud9292@gmail.com>
Date:   Wed Feb 26 12:50:28 2020 +0530

    Adding waste file

commit 0ab84e03e2556cb34e4b06d7394a8c11c9265872
Author: Manish-cloud <manishcloud9292@gmail.com>
Date:   Wed Feb 26 12:46:14 2020 +0530

    skipped staging area and fixed

commit eb5aed293109bfdddf444aabade52b0dd7abb2d6
Author: Manish-cloud <manishcloud9292@gmail.com>
Date:   Wed Feb 26 11:37:51 2020 +0530

    Added more txt files


Manish@LAPTOP-JNE4VIQD MINGW64 /e/Git (feature1)
$ git log -p -2
commit 46c3cd37500f8301b8b4f5af761c5bc6128e245b (HEAD -> feature1)
Author: Manish-cloud <manishcloud9292@gmail.com>
Date:   Wed Feb 26 14:29:00 2020 +0530

    Added commit by manish

diff --git a/file1.txt b/file1.txt
index 7d682e4..17bc605 100644
--- a/file1.txt
+++ b/file1.txt
@@ -1,3 +1,5 @@
+// By Manish Choudhary
+
 File 1
 Adding
 more content

commit 088a95bae982d147fba9ddbb7965c0a0be48a15c
Author: Manish-cloud <manishcloud9292@gmail.com>
Date:   Wed Feb 26 14:24:36 2020 +0530

    Fixed bug and added new lines

diff --git a/file1.txt b/file1.txt
index 92b9c9c..7d682e4 100644
--- a/file1.txt
+++ b/file1.txt
@@ -2,3 +2,4 @@ File 1
 Adding
 more content
 to file 1
+Another person changing code
\ No newline at end of file

Manish@LAPTOP-JNE4VIQD MINGW64 /e/Git (feature1)
$ git checkout master
Switched to branch 'master'

Manish@LAPTOP-JNE4VIQD MINGW64 /e/Git (master)
$ git status
On branch master
nothing to commit, working tree clean

Manish@LAPTOP-JNE4VIQD MINGW64 /e/Git (master)
$ git checkout feature1
Switched to branch 'feature1'

Manish@LAPTOP-JNE4VIQD MINGW64 /e/Git (feature1)
$ git status
On branch feature1
nothing to commit, working tree clean

Manish@LAPTOP-JNE4VIQD MINGW64 /e/Git (feature1)
$ git checkout master
Switched to branch 'master'

Manish@LAPTOP-JNE4VIQD MINGW64 /e/Git (master)
$ git log -p -2
commit 26db1c356462891624d6547c190b15c3eb553524 (HEAD -> master)
Author: Manish-cloud <manishcloud9292@gmail.com>
Date:   Wed Feb 26 13:38:47 2020 +0530

    commit data

diff --git a/.gitignore b/.gitignore
index dfaf127..3380c3b 100644
--- a/.gitignore
+++ b/.gitignore
@@ -1 +1 @@
-mylogs.log
+mylogs.log
\ No newline at end of file

commit 09f26edde8f3732f3a08ace337bb60355ae01e22
Author: Manish-cloud <manishcloud9292@gmail.com>
Date:   Wed Feb 26 13:24:35 2020 +0530

    ingored some file

diff --git a/.gitignore b/.gitignore
new file mode 100644
index 0000000..dfaf127
--- /dev/null
+++ b/.gitignore
@@ -0,0 +1 @@
+mylogs.log

Manish@LAPTOP-JNE4VIQD MINGW64 /e/Git (master)
$ git merge feature1
Updating 26db1c3..46c3cd3
Fast-forward
 file1.txt | 3 +++
 1 file changed, 3 insertions(+)

Manish@LAPTOP-JNE4VIQD MINGW64 /e/Git (master)
$ git status
On branch master
nothing to commit, working tree clean

Manish@LAPTOP-JNE4VIQD MINGW64 /e/Git (master)
$ git log -p -2
commit 46c3cd37500f8301b8b4f5af761c5bc6128e245b (HEAD -> master, feature1)
Author: Manish-cloud <manishcloud9292@gmail.com>
Date:   Wed Feb 26 14:29:00 2020 +0530

    Added commit by manish

diff --git a/file1.txt b/file1.txt
index 7d682e4..17bc605 100644
--- a/file1.txt
+++ b/file1.txt
@@ -1,3 +1,5 @@
+// By Manish Choudhary
+
 File 1
 Adding
 more content

commit 088a95bae982d147fba9ddbb7965c0a0be48a15c
Author: Manish-cloud <manishcloud9292@gmail.com>
Date:   Wed Feb 26 14:24:36 2020 +0530

    Fixed bug and added new lines

diff --git a/file1.txt b/file1.txt
index 92b9c9c..7d682e4 100644
--- a/file1.txt
+++ b/file1.txt
@@ -2,3 +2,4 @@ File 1
 Adding
 more content
 to file 1
+Another person changing code
\ No newline at end of file

Manish@LAPTOP-JNE4VIQD MINGW64 /e/Git (master)
$ git log -p -4
commit 46c3cd37500f8301b8b4f5af761c5bc6128e245b (HEAD -> master, feature1)
Author: Manish-cloud <manishcloud9292@gmail.com>
Date:   Wed Feb 26 14:29:00 2020 +0530

    Added commit by manish

diff --git a/file1.txt b/file1.txt
index 7d682e4..17bc605 100644
--- a/file1.txt
+++ b/file1.txt
@@ -1,3 +1,5 @@
+// By Manish Choudhary
+
 File 1
 Adding
 more content

commit 088a95bae982d147fba9ddbb7965c0a0be48a15c
Author: Manish-cloud <manishcloud9292@gmail.com>
Date:   Wed Feb 26 14:24:36 2020 +0530

    Fixed bug and added new lines

diff --git a/file1.txt b/file1.txt
index 92b9c9c..7d682e4 100644
--- a/file1.txt
+++ b/file1.txt
@@ -2,3 +2,4 @@ File 1
 Adding
 more content
 to file 1
+Another person changing code
\ No newline at end of file

commit 26db1c356462891624d6547c190b15c3eb553524
Author: Manish-cloud <manishcloud9292@gmail.com>
Date:   Wed Feb 26 13:38:47 2020 +0530

    commit data

diff --git a/.gitignore b/.gitignore
index dfaf127..3380c3b 100644
--- a/.gitignore
+++ b/.gitignore
@@ -1 +1 @@
-mylogs.log
+mylogs.log
\ No newline at end of file

Manish@LAPTOP-JNE4VIQD MINGW64 /e/Git (master)
$





Manish@LAPTOP-JNE4VIQD MINGW64 /e/Git (master)
$ git checkout -b flaskIntegration
Switched to a new branch 'flaskIntegration'

Manish@LAPTOP-JNE4VIQD MINGW64 /e/Git (flaskIntegration)
$ git branch
  feature1
* flaskIntegration
  master

Manish@LAPTOP-JNE4VIQD MINGW64 /e/Git (flaskIntegration)
$  touch newDummyFile.py

Manish@LAPTOP-JNE4VIQD MINGW64 /e/Git (flaskIntegration)
$ git status
On branch flaskIntegration
Untracked files:
  (use "git add <file>..." to include in what will be committed)
        newDummyFile.py

nothing added to commit but untracked files present (use "git add" to track)

Manish@LAPTOP-JNE4VIQD MINGW64 /e/Git (flaskIntegration)
$ git add .

Manish@LAPTOP-JNE4VIQD MINGW64 /e/Git (flaskIntegration)
$ git commit -m "Adding new py file"
[flaskIntegration 9e01bc0] Adding new py file
 1 file changed, 15 insertions(+)
 create mode 100644 newDummyFile.py

Manish@LAPTOP-JNE4VIQD MINGW64 /e/Git (flaskIntegration)
$ git status
On branch flaskIntegration
nothing to commit, working tree clean

Manish@LAPTOP-JNE4VIQD MINGW64 /e/Git (flaskIntegration)
$ ls
file1.txt  file2.txt  file3.txt  file4.txt  mylogs.log  newDummyFile.py

Manish@LAPTOP-JNE4VIQD MINGW64 /e/Git (flaskIntegration)
$ git checkout master
Switched to branch 'master'

Manish@LAPTOP-JNE4VIQD MINGW64 /e/Git (master)
$ ls
file1.txt  file2.txt  file3.txt  file4.txt  mylogs.log

Manish@LAPTOP-JNE4VIQD MINGW64 /e/Git (master)
